---
source: crates/claude-commander-tui/src/render_tests.rs
expression: terminal.backend()
---
"                                                                                                                        "
"                                                                                                                        "
"                                                                                                                        "
"                                                                                                                        "
"                                                                                                                        "
"                                                                                                                        "
"                                                                                                                        "
"                                                                                                                        "
"                                                                                                                        "
"                                                                                                                        "
"                        ╭ Error ───────────────────────────────────────────────────────────────╮                        "
"                        │Failed to create session: git worktree add failed                     │                        "
"                        │                                                                      │                        "
"                        ╰──────────────────────────────────────────────────────────────────────╯                        "
"                                                                                                                        "
"                                                                                                                        "
"                                                                                                                        "
"                                                                                                                        "
"                                                                                                                        "
"                                                                                                                        "
"                                                                                                                        "
"                                                                                                                        "
"                                                                                                                        "
"                                                                                                                        "
