---
source: crates/claude-commander-tui/src/render_tests.rs
expression: terminal.backend()
---
"                                                                                "
"                                                                                "
"                ╭ Quick Switch ────────────────────────────────╮                "
"                │> _                                           │                "
"                ╰──────────────────────────────────────────────╯                "
"                                                                                "
"                                                                                "
"                                                                                "
"                                                                                "
"                                                                                "
