---
source: crates/claude-commander-tui/src/render_tests.rs
assertion_line: 1122
expression: terminal.backend()
---
"╭ Preview · Info · Shell ──────────────────────────────────╮"
"│$ claude --resume                                         │"
"│                                                          │"
"│Claude is thinking...                                     │"
"│                                                          │"
"│> I'll help you fix the auth bug.                         │"
"│> Let me look at the code first.                          │"
"│                                                          │"
"│Reading src/auth.rs...                                    │"
"│                                                          │"
"│                                                          │"
"╰──────────────────────────────────────────────────────────╯"
