---
source: crates/claude-commander-tui/src/render_tests.rs
expression: terminal.backend()
---
"                                                                                                                        "
"                                                                                                                        "
"                                                                                                                        "
"                                                                                                                        "
"                                                                                                                        "
"                                                                                                                        "
"                                                                                                                        "
"                                                                                                                        "
"                                                                                                                        "
"                                                                                                                        "
"                        ╭ New Session ─────────────────────────────────────────────────────────╮                        "
"                        │Enter session name:                                                   │                        "
"                        │                                                                      │                        "
"                        ╰──────────────────────────────────────────────────────────────────────╯                        "
"                                                                                                                        "
"                                                                                                                        "
"                                                                                                                        "
"                                                                                                                        "
"                                                                                                                        "
"                                                                                                                        "
"                                                                                                                        "
"                                                                                                                        "
"                                                                                                                        "
"                                                                                                                        "
