---
source: src/tui/render_tests.rs
assertion_line: 317
expression: terminal.backend()
---
" multi-agent [main] (2)                                                                                                 "
"   └── ● Claude task (claude)                                                                                           "
"   └── ● Aider task (aider)                                                                                             "
"                                                                                                                        "
"                                                                                                                        "
"                                                                                                                        "
"                                                                                                                        "
"                                                                                                                        "
