---
source: src/tui/render_tests.rs
expression: terminal.backend()
---
" claude-commander [main] (3)                                          "
"   └── ● Add auth feature [feature-auth]                              "
"   └── ○ Fix login bug [fix-login]                                    "
"   └── ○ Refactor DB [refactor-db]                                    "
"                                                                      "
"                                                                      "
"                                                                      "
"                                                                      "
"                                                                      "
"                                                                      "
"                                                                      "
"                                                                      "
