---
source: src/tui/render_tests.rs
expression: terminal.backend()
---
"┌ Preview · Info · Shell ──────────────────────────────────┐"
"│ Session: my-session                                      │"
"│ Branch:  feature-x                                       │"
"│ Created: 2026-04-10 09:00 UTC                            │"
"│ Status:  ● running                                       │"
"│ Program: claude                                          │"
"│ Path:    /tmp/wt                                         │"
"│ Changes: No changes                                      │"
"│                                                          │"
"│ ─────────────────────────────────                        │"
"│                                                          │"
"│ PR: None                                                 │"
"│                                                          │"
"│ ─────────────────────────────────                        │"
"│                                                          │"
"│ Summary: Press g to generate                             │"
"│                                                          │"
"└──────────────────────────────────────────────────────────┘"
