---
source: src/tui/render_tests.rs
expression: terminal.backend()
---
"┌ Preview | [Diff] | Shell ──────────────────────────────────────────┐"
"│diff --git a/src/auth.rs b/src/auth.rs                              │"
"│index abc123..def456 100644                                         │"
"│--- a/src/auth.rs                                                   │"
"│+++ b/src/auth.rs                                                   │"
"│@@ -10,7 +10,9 @@ fn authenticate(user: &str) -> Result<Token> {    │"
"│     let credentials = load_credentials(user)?;                     │"
"│-    let token = validate(credentials);                             │"
"│+    let token = validate(credentials)?;                            │"
"│+    info!("User {} authenticated", user);                          │"
"│+    update_last_login(user)?;                                      │"
"│     Ok(token)                                                      │"
"│ }                                                                  │"
"│                                                                    │"
"│                                                                    │"
"└────────────────────────────────────────────────────────────────────┘"
