---
source: src/tui/render_tests.rs
expression: terminal.backend()
---
"┌ [Preview] | Info | Shell ────────────────────────────────┐"
"│Session 2 output                                          │"
"│Different content                                         │"
"│                                                          │"
"│                                                          │"
"│                                                          │"
"│                                                          │"
"│                                                          │"
"│                                                          │"
"│                                                          │"
"│                                                          │"
"└──────────────────────────────────────────────────────────┘"
