---
source: src/tui/render_tests.rs
expression: terminal.backend()
---
" my-app [main] (2)                                                                                                      "
"     1 ● Add feature [feat-x]  ]8;;https://github.com/org/repo/pull/42P]8;;]8;;https://github.com/org/repo/pull/42R]8;;]8;;https://github.com/org/repo/pull/42 ]8;;]8;;https://github.com/org/repo/pull/42#]8;;]8;;https://github.com/org/repo/pull/424]8;;]8;;https://github.com/org/repo/pull/422]8;;                                                                                   "
"     2 ○ Old PR  ]8;;https://github.com/org/repo/pull/10P]8;;]8;;https://github.com/org/repo/pull/10R]8;;]8;;https://github.com/org/repo/pull/10 ]8;;]8;;https://github.com/org/repo/pull/10#]8;;]8;;https://github.com/org/repo/pull/101]8;;]8;;https://github.com/org/repo/pull/100]8;;                                                                                                 "
"                                                                                                                        "
"                                                                                                                        "
"                                                                                                                        "
"                                                                                                                        "
"                                                                                                                        "
