---
source: src/tui/render_tests.rs
expression: terminal.backend()
---
" multi-agent [main] (2)                                                                                                 "
"     1 ● Claude task (claude)                                                                                           "
"     2 ● Aider task (aider)                                                                                             "
"                                                                                                                        "
"                                                                                                                        "
"                                                                                                                        "
"                                                                                                                        "
"                                                                                                                        "
