---
source: src/tui/render_tests.rs
expression: terminal.backend()
---
" multi-agent [main] (2)                                                                                                 "
"   └── ● Claude task [claude-task] (claude)                                                                             "
"   └── ● Aider task [aider-task] (aider)                                                                                "
"                                                                                                                        "
"                                                                                                                        "
"                                                                                                                        "
"                                                                                                                        "
"                                                                                                                        "
