---
source: src/tui/render_tests.rs
assertion_line: 925
expression: terminal.backend()
---
" my-project [main] (2)                                                "
"   └── ● Existing session [feature-existing]                          "
"   └── ⠋ New session [feature-new]                                    "
"                                                                      "
"                                                                      "
"                                                                      "
"                                                                      "
"                                                                      "
"                                                                      "
"                                                                      "
