---
source: src/tui/render_tests.rs
assertion_line: 333
expression: terminal.backend()
---
" claude-commander [main] (3)                                          "
"     1 ● Add auth feature [feature-auth]                              "
"     2 ◐ Fix login bug [fix-login]                                    "
"     3 ○ Refactor DB [refactor-db]                                    "
"                                                                      "
"                                                                      "
"                                                                      "
"                                                                      "
"                                                                      "
"                                                                      "
"                                                                      "
"                                                                      "
