---
source: src/tui/render_tests.rs
expression: terminal.backend()
---
"                                                                                                                        "
"                                                                                                                        "
"                                                                                                                        "
"                                                                                                                        "
"                                                                                                                        "
"                                                                                                                        "
"                                                                                                                        "
"                                                                                                                        "
"                                                                                                                        "
"                                                                                                                        "
"                              ┌ Delete Session ──────────────────────────────────────────┐                              "
"                              │Delete session 'fix-login'?                               │                              "
"                              │                                                          │                              "
"                              └──────────────────────────────────────────────────────────┘                              "
"                                                                                                                        "
"                                                                                                                        "
"                                                                                                                        "
"                                                                                                                        "
"                                                                                                                        "
"                                                                                                                        "
"                                                                                                                        "
"                                                                                                                        "
"                                                                                                                        "
"                                                                                                                        "
