---
source: src/tui/render_tests.rs
assertion_line: 499
expression: terminal.backend()
---
"                                                                                                                        "
"                                                                                                                        "
"                                                                                                                        "
"                                                                                                                        "
"                                                                                                                        "
"                                                                                                                        "
"                                                                                                                        "
"                                                                                                                        "
"                                                                                                                        "
"                                                                                                                        "
"                              ┌ Restart Session ─────────────────────────────────────────┐                              "
"                              │This will kill the current tmux session and start a fresh │                              "
"                              │one.                                                      │                              "
"                              └──────────────────────────────────────────────────────────┘                              "
"                                                                                                                        "
"                                                                                                                        "
"                                                                                                                        "
"                                                                                                                        "
"                                                                                                                        "
"                                                                                                                        "
"                                                                                                                        "
"                                                                                                                        "
"                                                                                                                        "
"                                                                                                                        "
