---
source: src/tui/render_tests.rs
expression: terminal.backend()
---
"                                                                                                                        "
"                                                                                                                        "
"                                                                                                                        "
"                                                                                                                        "
"                                                                                                                        "
"                                                                                                                        "
"                                                                                                                        "
"                                                                                                                        "
"                                                                                                                        "
"                                                                                                                        "
"                        ┌ New Session ─────────────────────────────────────────────────────────┐                        "
"                        │⠋ Creating "my-feature"...                                            │                        "
"                        │                                                                      │                        "
"                        └──────────────────────────────────────────────────────────────────────┘                        "
"                                                                                                                        "
"                                                                                                                        "
"                                                                                                                        "
"                                                                                                                        "
"                                                                                                                        "
"                                                                                                                        "
"                                                                                                                        "
"                                                                                                                        "
"                                                                                                                        "
"                                                                                                                        "
