---
source: src/tui/render_tests.rs
expression: terminal.backend()
---
"                                                                                                                        "
"                                                                                                                        "
"                                                                                                                        "
"                                                                                                                        "
"                  ┌ Help ────────────────────────────────────────────────────────────────────────────┐                  "
"                  │                                                                                  │                  "
"                  │  Navigation:                                                                     │                  "
"                  │    j/k, Up/Down    Navigate session list                                         │                  "
"                  │    Enter           Attach to selected session                                    │                  "
"                  │    Tab/Shift+Tab   Toggle preview/diff/shell view                                │                  "
"                  │                                                                                  │                  "
"                  │  Session Management:                                                             │                  "
"                  │    n               New worktree session                                          │                  "
"                  │    N               New project (add git repo)                                    │                  "
"                  │    d               Delete/kill session                                           │                  "
"                  │                                                                                  │                  "
"                  │  Press any key to close this help.                                               │                  "
"                  │                                                                                  │                  "
"                  │                                                                                  │                  "
"                  │                                                                                  │                  "
"                  │                                                                                  │                  "
"                  │                                                                                  │                  "
"                  │                                                                                  │                  "
"                  │                                                                                  │                  "
"                  │                                                                                  │                  "
"                  │                                                                                  │                  "
"                  │                                                                                  │                  "
"                  │                                                                                  │                  "
"                  │                                                                                  │                  "
"                  │                                                                                  │                  "
"                  │                                                                                  │                  "
"                  │                                                                                  │                  "
"                  │                                                                                  │                  "
"                  │                                                                                  │                  "
"                  │                                                                                  │                  "
"                  └──────────────────────────────────────────────────────────────────────────────────┘                  "
"                                                                                                                        "
"                                                                                                                        "
"                                                                                                                        "
"                                                                                                                        "
