---
source: src/tui/render_tests.rs
expression: terminal.backend()
---
"┌ Preview · Info · Shell ────────────────────────┐"
"│ Session: test-session                          │"
"│ Branch:  test-branch                           │"
"│ Created: 2026-04-01 12:00 UTC                  │"
"│ Status:  ● running                             │"
"│ Program: claude                                │"
"│ Path:    /tmp/wt                               │"
"│ Changes: 1 file(s), +1 -0 lines                │"
"│                                                │"
"│ ─────────────────────────────────              │"
"│                                                │"
"│ PR #99: A very long PR title that should       │"
"│definitely wrap past the edge of a narrow pane  │"
"│ URL:    https://github.com/org/repo/pull/99    │"
"│ State:  ● Open                                 │"
"│ CI:     ✓ Passing                              │"
"│                                                │"
"│ Description:                                   │"
"│ This is a long description that tests word     │"
"│wrapping behavior in the info pane to make sure │"
"│nothing goes off the right edge.                │"
"│                                                │"
"│ ─────────────────────────────────              │"
"│                                                │"
"│ Summary:                                       │"
"│ This summary is intentionally long to verify   │"
"│that the info pane correctly wraps text at the  │"
"│pane boundary instead of clipping it.           │"
"│                                                │"
"└────────────────────────────────────────────────┘"
