---
source: src/tui/render_tests.rs
expression: terminal.backend()
---
"┌ Preview | [Info] | Shell ────────────────────────────────┐"
"│Select a session to see info                              │"
"│                                                          │"
"│                                                          │"
"│                                                          │"
"│                                                          │"
"│                                                          │"
"│                                                          │"
"│                                                          │"
"└──────────────────────────────────────────────────────────┘"
