---
source: crates/claude-commander-core/src/tui/render_tests.rs
expression: terminal.backend()
---
"                                                                                                                        "
"                                                                                                                        "
"                                                                                                                        "
"                                                                                                                        "
"                                                                                                                        "
"                                                                                                                        "
"                                                                                                                        "
"                                                                                                                        "
"                              ╭ Restart Session ─────────────────────────────────────────╮                              "
"                              │This will kill the current tmux session and start a fresh │                              "
"                              │one.                                                      │                              "
"                              │Claude will pick up where it left off via /resume.        │                              "
"                              │                                                          │                              "
"                              │[Enter] Confirm  [Esc] Cancel                             │                              "
"                              ╰──────────────────────────────────────────────────────────╯                              "
"                                                                                                                        "
"                                                                                                                        "
"                                                                                                                        "
"                                                                                                                        "
"                                                                                                                        "
"                                                                                                                        "
"                                                                                                                        "
"                                                                                                                        "
"                                                                                                                        "
