---
source: src/tui/render_tests.rs
expression: terminal.backend()
---
" my-project [main] (2)                                                "
"     1 ● Existing session [feature-existing]                          "
"     2 ⠋ New session [feature-new]                                    "
"                                                                      "
"                                                                      "
"                                                                      "
"                                                                      "
"                                                                      "
"                                                                      "
"                                                                      "
