---
source: crates/claude-commander-tui/src/widgets/board/render.rs
assertion_line: 2137
expression: buffer_snapshot(&buf)
---
"my-app                 2│In Progress (2)                                        "
"                        │┌ 1 parent-feature ───────────────────────────────────┐"
"                        ││ ● idle [feat]                          [>_] [±] [i] │"
"                        │└─────────────────────────────────────────────────────┘"
"                        │  ┌ 2 stacked-child ──────────────────────────────────┐"
"                        │  │ ● idle [feat]                        [>_] [±] [i] │"
"                        │  └───────────────────────────────────────────────────┘"
"                        │                                                       "
"                        │                                                       "
"                        │                                                       "
"                        │                                                       "
"                        │                                                       "
"                        │                                                       "
"                        │                                                       "
