---
source: crates/claude-commander-tui/src/widgets/board/render.rs
assertion_line: 2154
expression: buffer_snapshot(&buf)
---
"alpha                  1│In Progress (1)                                                  "
"zeta                   2│┌ 1 one ────────────────────────────────────────────────────────┐"
"                        ││ ● idle [feat]                                    [>_] [±] [i] │"
"                        │└───────────────────────────────────────────────────────────────┘"
"                        │                                                                 "
"                        │                                                                 "
"                        │                                                                 "
"                        │                                                                 "
"                        │                                                                 "
"                        │                                                                 "
"                        │                                                                 "
"                        │                                                                 "
